Archive member included to satisfy reference by file (symbol)

/opt/st/stm32cubeide_1.10.1/plugins/com.st.stm32cube.ide.mcu.externaltools.gnu-tools-for-stm32.10.3-2021.10.linux64_1.0.0.202111181127/tools/bin/../lib/gcc/arm-none-eabi/10.3.1/../../../../arm-none-eabi/lib/thumb/v7-m/nofp/libc_nano.a(lib_a-errno.o)
                              ./Core/Src/syscalls.o (__errno)
/opt/st/stm32cubeide_1.10.1/plugins/com.st.stm32cube.ide.mcu.externaltools.gnu-tools-for-stm32.10.3-2021.10.linux64_1.0.0.202111181127/tools/bin/../lib/gcc/arm-none-eabi/10.3.1/../../../../arm-none-eabi/lib/thumb/v7-m/nofp/libc_nano.a(lib_a-exit.o)
                              /opt/st/stm32cubeide_1.10.1/plugins/com.st.stm32cube.ide.mcu.externaltools.gnu-tools-for-stm32.10.3-2021.10.linux64_1.0.0.202111181127/tools/bin/../lib/gcc/arm-none-eabi/10.3.1/../../../../arm-none-eabi/lib/thumb/v7-m/nofp/crt0.o (exit)
/opt/st/stm32cubeide_1.10.1/plugins/com.st.stm32cube.ide.mcu.externaltools.gnu-tools-for-stm32.10.3-2021.10.linux64_1.0.0.202111181127/tools/bin/../lib/gcc/arm-none-eabi/10.3.1/../../../../arm-none-eabi/lib/thumb/v7-m/nofp/libc_nano.a(lib_a-impure.o)
                              /opt/st/stm32cubeide_1.10.1/plugins/com.st.stm32cube.ide.mcu.externaltools.gnu-tools-for-stm32.10.3-2021.10.linux64_1.0.0.202111181127/tools/bin/../lib/gcc/arm-none-eabi/10.3.1/../../../../arm-none-eabi/lib/thumb/v7-m/nofp/libc_nano.a(lib_a-exit.o) (_global_impure_ptr)
/opt/st/stm32cubeide_1.10.1/plugins/com.st.stm32cube.ide.mcu.externaltools.gnu-tools-for-stm32.10.3-2021.10.linux64_1.0.0.202111181127/tools/bin/../lib/gcc/arm-none-eabi/10.3.1/../../../../arm-none-eabi/lib/thumb/v7-m/nofp/libc_nano.a(lib_a-init.o)
                              /opt/st/stm32cubeide_1.10.1/plugins/com.st.stm32cube.ide.mcu.externaltools.gnu-tools-for-stm32.10.3-2021.10.linux64_1.0.0.202111181127/tools/bin/../lib/gcc/arm-none-eabi/10.3.1/../../../../arm-none-eabi/lib/thumb/v7-m/nofp/crt0.o (__libc_init_array)
/opt/st/stm32cubeide_1.10.1/plugins/com.st.stm32cube.ide.mcu.externaltools.gnu-tools-for-stm32.10.3-2021.10.linux64_1.0.0.202111181127/tools/bin/../lib/gcc/arm-none-eabi/10.3.1/../../../../arm-none-eabi/lib/thumb/v7-m/nofp/libc_nano.a(lib_a-memset.o)
                              /opt/st/stm32cubeide_1.10.1/plugins/com.st.stm32cube.ide.mcu.externaltools.gnu-tools-for-stm32.10.3-2021.10.linux64_1.0.0.202111181127/tools/bin/../lib/gcc/arm-none-eabi/10.3.1/../../../../arm-none-eabi/lib/thumb/v7-m/nofp/crt0.o (memset)
/opt/st/stm32cubeide_1.10.1/plugins/com.st.stm32cube.ide.mcu.externaltools.gnu-tools-for-stm32.10.3-2021.10.linux64_1.0.0.202111181127/tools/bin/../lib/gcc/arm-none-eabi/10.3.1/thumb/v7-m/nofp/libgcc.a(_arm_muldf3.o)
                              ./Core/Src/main.o (__aeabi_dmul)
/opt/st/stm32cubeide_1.10.1/plugins/com.st.stm32cube.ide.mcu.externaltools.gnu-tools-for-stm32.10.3-2021.10.linux64_1.0.0.202111181127/tools/bin/../lib/gcc/arm-none-eabi/10.3.1/thumb/v7-m/nofp/libgcc.a(_arm_mulsf3.o)
                              ./Core/Src/main.o (__aeabi_fmul)
/opt/st/stm32cubeide_1.10.1/plugins/com.st.stm32cube.ide.mcu.externaltools.gnu-tools-for-stm32.10.3-2021.10.linux64_1.0.0.202111181127/tools/bin/../lib/gcc/arm-none-eabi/10.3.1/thumb/v7-m/nofp/libgcc.a(_arm_addsubdf3.o)
                              ./Core/Src/main.o (__aeabi_i2d)
/opt/st/stm32cubeide_1.10.1/plugins/com.st.stm32cube.ide.mcu.externaltools.gnu-tools-for-stm32.10.3-2021.10.linux64_1.0.0.202111181127/tools/bin/../lib/gcc/arm-none-eabi/10.3.1/thumb/v7-m/nofp/libgcc.a(_arm_truncdfsf2.o)
                              ./Core/Src/main.o (__aeabi_d2f)
/opt/st/stm32cubeide_1.10.1/plugins/com.st.stm32cube.ide.mcu.externaltools.gnu-tools-for-stm32.10.3-2021.10.linux64_1.0.0.202111181127/tools/bin/../lib/gcc/arm-none-eabi/10.3.1/thumb/v7-m/nofp/libgcc.a(_arm_cmpsf2.o)
                              ./Core/Src/main.o (__aeabi_fcmple)

Discarded input sections

 .text          0x0000000000000000        0x0 /opt/st/stm32cubeide_1.10.1/plugins/com.st.stm32cube.ide.mcu.externaltools.gnu-tools-for-stm32.10.3-2021.10.linux64_1.0.0.202111181127/tools/bin/../lib/gcc/arm-none-eabi/10.3.1/thumb/v7-m/nofp/crti.o
 .data          0x0000000000000000        0x0 /opt/st/stm32cubeide_1.10.1/plugins/com.st.stm32cube.ide.mcu.externaltools.gnu-tools-for-stm32.10.3-2021.10.linux64_1.0.0.202111181127/tools/bin/../lib/gcc/arm-none-eabi/10.3.1/thumb/v7-m/nofp/crti.o
 .bss           0x0000000000000000        0x0 /opt/st/stm32cubeide_1.10.1/plugins/com.st.stm32cube.ide.mcu.externaltools.gnu-tools-for-stm32.10.3-2021.10.linux64_1.0.0.202111181127/tools/bin/../lib/gcc/arm-none-eabi/10.3.1/thumb/v7-m/nofp/crti.o
 .data          0x0000000000000000        0x4 /opt/st/stm32cubeide_1.10.1/plugins/com.st.stm32cube.ide.mcu.externaltools.gnu-tools-for-stm32.10.3-2021.10.linux64_1.0.0.202111181127/tools/bin/../lib/gcc/arm-none-eabi/10.3.1/thumb/v7-m/nofp/crtbegin.o
[...]
Memory Configuration

Name             Origin             Length             Attributes
RAM              0x0000000020000000 0x0000000000005000 xrw
FLASH            0x0000000008000000 0x0000000000010000 xr
*default*        0x0000000000000000 0xffffffffffffffff

Linker script and memory map

LOAD /opt/st/stm32cubeide_1.10.1/plugins/com.st.stm32cube.ide.mcu.externaltools.gnu-tools-for-stm32.10.3-2021.10.linux64_1.0.0.202111181127/tools/bin/../lib/gcc/arm-none-eabi/10.3.1/thumb/v7-m/nofp/crti.o
LOAD /opt/st/stm32cubeide_1.10.1/plugins/com.st.stm32cube.ide.mcu.externaltools.gnu-tools-for-stm32.10.3-2021.10.linux64_1.0.0.202111181127/tools/bin/../lib/gcc/arm-none-eabi/10.3.1/thumb/v7-m/nofp/crtbegin.o
LOAD /opt/st/stm32cubeide_1.10.1/plugins/com.st.stm32cube.ide.mcu.externaltools.gnu-tools-for-stm32.10.3-2021.10.linux64_1.0.0.202111181127/tools/bin/../lib/gcc/arm-none-eabi/10.3.1/../../../../arm-none-eabi/lib/thumb/v7-m/nofp/crt0.o
LOAD ./Core/Src/main.o
LOAD ./Core/Src/stm32f1xx_hal_msp.o
LOAD ./Core/Src/stm32f1xx_it.o
LOAD ./Core/Src/syscalls.o
LOAD ./Core/Src/sysmem.o
LOAD ./Core/Src/system_stm32f1xx.o
LOAD ./Core/Startup/startup_stm32f103c8tx.o
LOAD ./Drivers/STM32F1xx_HAL_Driver/Src/stm32f1xx_hal.o
LOAD ./Drivers/STM32F1xx_HAL_Driver/Src/stm32f1xx_hal_adc.o
LOAD ./Drivers/STM32F1xx_HAL_Driver/Src/stm32f1xx_hal_adc_ex.o
LOAD ./Drivers/STM32F1xx_HAL_Driver/Src/stm32f1xx_hal_cortex.o
LOAD ./Drivers/STM32F1xx_HAL_Driver/Src/stm32f1xx_hal_dma.o
LOAD ./Drivers/STM32F1xx_HAL_Driver/Src/stm32f1xx_hal_exti.o
LOAD ./Drivers/STM32F1xx_HAL_Driver/Src/stm32f1xx_hal_flash.o
LOAD ./Drivers/STM32F1xx_HAL_Driver/Src/stm32f1xx_hal_flash_ex.o
LOAD ./Drivers/STM32F1xx_HAL_Driver/Src/stm32f1xx_hal_gpio.o
LOAD ./Drivers/STM32F1xx_HAL_Driver/Src/stm32f1xx_hal_gpio_ex.o
LOAD ./Drivers/STM32F1xx_HAL_Driver/Src/stm32f1xx_hal_pwr.o
LOAD ./Drivers/STM32F1xx_HAL_Driver/Src/stm32f1xx_hal_rcc.o
LOAD ./Drivers/STM32F1xx_HAL_Driver/Src/stm32f1xx_hal_rcc_ex.o
START GROUP
LOAD /opt/st/stm32cubeide_1.10.1/plugins/com.st.stm32cube.ide.mcu.externaltools.gnu-tools-for-stm32.10.3-2021.10.linux64_1.0.0.202111181127/tools/bin/../lib/gcc/arm-none-eabi/10.3.1/../../../../arm-none-eabi/lib/thumb/v7-m/nofp/libc_nano.a
LOAD /opt/st/stm32cubeide_1.10.1/plugins/com.st.stm32cube.ide.mcu.externaltools.gnu-tools-for-stm32.10.3-2021.10.linux64_1.0.0.202111181127/tools/bin/../lib/gcc/arm-none-eabi/10.3.1/../../../../arm-none-eabi/lib/thumb/v7-m/nofp/libm.a
END GROUP
START GROUP
LOAD /opt/st/stm32cubeide_1.10.1/plugins/com.st.stm32cube.ide.mcu.externaltools.gnu-tools-for-stm32.10.3-2021.10.linux64_1.0.0.202111181127/tools/bin/../lib/gcc/arm-none-eabi/10.3.1/thumb/v7-m/nofp/libgcc.a
LOAD /opt/st/stm32cubeide_1.10.1/plugins/com.st.stm32cube.ide.mcu.externaltools.gnu-tools-for-stm32.10.3-2021.10.linux64_1.0.0.202111181127/tools/bin/../lib/gcc/arm-none-eabi/10.3.1/../../../../arm-none-eabi/lib/thumb/v7-m/nofp/libc_nano.a
END GROUP
START GROUP
LOAD /opt/st/stm32cubeide_1.10.1/plugins/com.st.stm32cube.ide.mcu.externaltools.gnu-tools-for-stm32.10.3-2021.10.linux64_1.0.0.202111181127/tools/bin/../lib/gcc/arm-none-eabi/10.3.1/thumb/v7-m/nofp/libgcc.a
LOAD /opt/st/stm32cubeide_1.10.1/plugins/com.st.stm32cube.ide.mcu.externaltools.gnu-tools-for-stm32.10.3-2021.10.linux64_1.0.0.202111181127/tools/bin/../lib/gcc/arm-none-eabi/10.3.1/../../../../arm-none-eabi/lib/thumb/v7-m/nofp/libc_nano.a
LOAD /opt/st/stm32cubeide_1.10.1/plugins/com.st.stm32cube.ide.mcu.externaltools.gnu-tools-for-stm32.10.3-2021.10.linux64_1.0.0.202111181127/tools/bin/../lib/gcc/arm-none-eabi/10.3.1/../../../../arm-none-eabi/lib/thumb/v7-m/nofp/libnosys.a
END GROUP
START GROUP
LOAD /opt/st/stm32cubeide_1.10.1/plugins/com.st.stm32cube.ide.mcu.externaltools.gnu-tools-for-stm32.10.3-2021.10.linux64_1.0.0.202111181127/tools/bin/../lib/gcc/arm-none-eabi/10.3.1/thumb/v7-m/nofp/libgcc.a
LOAD /opt/st/stm32cubeide_1.10.1/plugins/com.st.stm32cube.ide.mcu.externaltools.gnu-tools-for-stm32.10.3-2021.10.linux64_1.0.0.202111181127/tools/bin/../lib/gcc/arm-none-eabi/10.3.1/../../../../arm-none-eabi/lib/thumb/v7-m/nofp/libc_nano.a
LOAD /opt/st/stm32cubeide_1.10.1/plugins/com.st.stm32cube.ide.mcu.externaltools.gnu-tools-for-stm32.10.3-2021.10.linux64_1.0.0.202111181127/tools/bin/../lib/gcc/arm-none-eabi/10.3.1/../../../../arm-none-eabi/lib/thumb/v7-m/nofp/libnosys.a
END GROUP
LOAD /opt/st/stm32cubeide_1.10.1/plugins/com.st.stm32cube.ide.mcu.externaltools.gnu-tools-for-stm32.10.3-2021.10.linux64_1.0.0.202111181127/tools/bin/../lib/gcc/arm-none-eabi/10.3.1/thumb/v7-m/nofp/crtend.o
LOAD /opt/st/stm32cubeide_1.10.1/plugins/com.st.stm32cube.ide.mcu.externaltools.gnu-tools-for-stm32.10.3-2021.10.linux64_1.0.0.202111181127/tools/bin/../lib/gcc/arm-none-eabi/10.3.1/thumb/v7-m/nofp/crtn.o
                0x0000000020005000                _estack = (ORIGIN (RAM) + LENGTH (RAM))
                0x0000000000000200                _Min_Heap_Size = 0x200
                0x0000000000000400                _Min_Stack_Size = 0x400

.isr_vector     0x0000000008000000      0x10c
                0x0000000008000000                . = ALIGN (0x4)
 *(.isr_vector)
 .isr_vector    0x0000000008000000      0x10c ./Core/Startup/startup_stm32f103c8tx.o
                0x0000000008000000                g_pfnVectors
                0x000000000800010c                . = ALIGN (0x4)

.text           0x0000000008000110     0x29e0
                0x0000000008000110                . = ALIGN (0x4)
 *(.text)
 .text          0x0000000008000110       0x40 /opt/st/stm32cubeide_1.10.1/plugins/com.st.stm32cube.ide.mcu.externaltools.gnu-tools-for-stm32.10.3-2021.10.linux64_1.0.0.202111181127/tools/bin/../lib/gcc/arm-none-eabi/10.3.1/thumb/v7-m/nofp/crtbegin.o
 .text          0x0000000008000150      0x254 /opt/st/stm32cubeide_1.10.1/plugins/com.st.stm32cube.ide.mcu.externaltools.gnu-tools-for-stm32.10.3-2021.10.linux64_1.0.0.202111181127/tools/bin/../lib/gcc/arm-none-eabi/10.3.1/thumb/v7-m/nofp/libgcc.a(_arm_muldf3.o)
                0x0000000008000150                __aeabi_dmul
                0x0000000008000150                __muldf3
 .text          0x00000000080003a4      0x168 /opt/st/stm32cubeide_1.10.1/plugins/com.st.stm32cube.ide.mcu.externaltools.gnu-tools-for-stm32.10.3-2021.10.linux64_1.0.0.202111181127/tools/bin/../lib/gcc/arm-none-eabi/10.3.1/thumb/v7-m/nofp/libgcc.a(_arm_mulsf3.o)
                0x00000000080003a4                __mulsf3
                0x00000000080003a4                __aeabi_fmul
 .text          0x000000000800050c      0x378 /opt/st/stm32cubeide_1.10.1/plugins/com.st.stm32cube.ide.mcu.externaltools.gnu-tools-for-stm32.10.3-2021.10.linux64_1.0.0.202111181127/tools/bin/../lib/gcc/arm-none-eabi/10.3.1/thumb/v7-m/nofp/libgcc.a(_arm_addsubdf3.o)
                0x000000000800050c                __aeabi_drsub
                0x0000000008000514                __aeabi_dsub
                0x0000000008000514                __subdf3
                0x0000000008000518                __adddf3
                0x0000000008000518                __aeabi_dadd
                0x0000000008000790                __aeabi_ui2d
                0x0000000008000790                __floatunsidf
                0x00000000080007b0                __floatsidf
                0x00000000080007b0                __aeabi_i2d
                0x00000000080007d4                __extendsfdf2
                0x00000000080007d4                __aeabi_f2d
                0x0000000008000818                __aeabi_ul2d
                0x0000000008000818                __floatundidf
                0x0000000008000828                __floatdidf
                0x0000000008000828                __aeabi_l2d
 .text          0x0000000008000884       0xa0 /opt/st/stm32cubeide_1.10.1/plugins/com.st.stm32cube.ide.mcu.externaltools.gnu-tools-for-stm32.10.3-2021.10.linux64_1.0.0.202111181127/tools/bin/../lib/gcc/arm-none-eabi/10.3.1/thumb/v7-m/nofp/libgcc.a(_arm_truncdfsf2.o)
                0x0000000008000884                __aeabi_d2f
                0x0000000008000884                __truncdfsf2
 .text          0x0000000008000924       0xec /opt/st/stm32cubeide_1.10.1/plugins/com.st.stm32cube.ide.mcu.externaltools.gnu-tools-for-stm32.10.3-2021.10.linux64_1.0.0.202111181127/tools/bin/../lib/gcc/arm-none-eabi/10.3.1/thumb/v7-m/nofp/libgcc.a(_arm_cmpsf2.o)
                0x0000000008000924                __gtsf2
                0x0000000008000924                __gesf2
                0x000000000800092c                __lesf2
                0x000000000800092c                __ltsf2
                0x0000000008000934                __nesf2
                0x0000000008000934                __eqsf2
                0x0000000008000934                __cmpsf2
                0x0000000008000994                __aeabi_cfrcmple
                0x000000000800099c                __aeabi_cfcmple
                0x000000000800099c                __aeabi_cfcmpeq
                0x00000000080009ac                __aeabi_fcmpeq
                0x00000000080009c0                __aeabi_fcmplt
                0x00000000080009d4                __aeabi_fcmple
                0x00000000080009e8                __aeabi_fcmpge
                0x00000000080009fc                __aeabi_fcmpgt
 *(.text*)
 .text.main     0x0000000008000a10      0x244 ./Core/Src/main.o
                0x0000000008000a10                main
 .text.SystemClock_Config
                0x0000000008000c54       0xb6 ./Core/Src/main.o
                0x0000000008000c54                SystemClock_Config
 *fill*         0x0000000008000d0a        0x2 
 .text.MX_ADC1_Init
                0x0000000008000d0c       0x7c ./Core/Src/main.o
 .text.MX_GPIO_Init
                0x0000000008000d88       0xec ./Core/Src/main.o
 .text.Error_Handler
                0x0000000008000e74        0xa ./Core/Src/main.o
                0x0000000008000e74                Error_Handler
 *fill*         0x0000000008000e7e        0x2 
 .text.HAL_MspInit
                0x0000000008000e80       0x44 ./Core/Src/stm32f1xx_hal_msp.o
                0x0000000008000e80                HAL_MspInit
 .text.HAL_ADC_MspInit
                0x0000000008000ec4       0x78 ./Core/Src/stm32f1xx_hal_msp.o
                0x0000000008000ec4                HAL_ADC_MspInit
 .text.NMI_Handler
                0x0000000008000f3c        0x6 ./Core/Src/stm32f1xx_it.o
                0x0000000008000f3c                NMI_Handler
 .text.HardFault_Handler
                0x0000000008000f42        0x6 ./Core/Src/stm32f1xx_it.o
                0x0000000008000f42                HardFault_Handler
 .text.MemManage_Handler
                0x0000000008000f48        0x6 ./Core/Src/stm32f1xx_it.o
                0x0000000008000f48                MemManage_Handler
 .text.BusFault_Handler
                0x0000000008000f4e        0x6 ./Core/Src/stm32f1xx_it.o
                0x0000000008000f4e                BusFault_Handler
 .text.UsageFault_Handler
                0x0000000008000f54        0x6 ./Core/Src/stm32f1xx_it.o
                0x0000000008000f54                UsageFault_Handler
 .text.SVC_Handler
                0x0000000008000f5a        0xc ./Core/Src/stm32f1xx_it.o
                0x0000000008000f5a                SVC_Handler
 .text.DebugMon_Handler
                0x0000000008000f66        0xc ./Core/Src/stm32f1xx_it.o
                0x0000000008000f66                DebugMon_Handler
 .text.PendSV_Handler
                0x0000000008000f72        0xc ./Core/Src/stm32f1xx_it.o
                0x0000000008000f72                PendSV_Handler
 .text.SysTick_Handler
                0x0000000008000f7e        0xc ./Core/Src/stm32f1xx_it.o
                0x0000000008000f7e                SysTick_Handler
 .text.SystemInit
                0x0000000008000f8a        0xc ./Core/Src/system_stm32f1xx.o
                0x0000000008000f8a                SystemInit
 *fill*         0x0000000008000f96        0x2 
 .text.Reset_Handler
                0x0000000008000f98       0x48 ./Core/Startup/startup_stm32f103c8tx.o
                0x0000000008000f98                Reset_Handler
 .text.Default_Handler
                0x0000000008000fe0        0x2 ./Core/Startup/startup_stm32f103c8tx.o
                0x0000000008000fe0                RTC_Alarm_IRQHandler
                0x0000000008000fe0                EXTI2_IRQHandler
                0x0000000008000fe0                TIM1_CC_IRQHandler
                0x0000000008000fe0                PVD_IRQHandler
                0x0000000008000fe0                EXTI3_IRQHandler
                0x0000000008000fe0                EXTI0_IRQHandler
                0x0000000008000fe0                I2C2_EV_IRQHandler
                0x0000000008000fe0                ADC1_2_IRQHandler
                0x0000000008000fe0                SPI1_IRQHandler
                0x0000000008000fe0                TAMPER_IRQHandler
                0x0000000008000fe0                DMA1_Channel4_IRQHandler
                0x0000000008000fe0                USART3_IRQHandler
                0x0000000008000fe0                RTC_IRQHandler
                0x0000000008000fe0                DMA1_Channel7_IRQHandler
                0x0000000008000fe0                CAN1_RX1_IRQHandler
                0x0000000008000fe0                TIM4_IRQHandler
                0x0000000008000fe0                I2C1_EV_IRQHandler
                0x0000000008000fe0                DMA1_Channel6_IRQHandler
                0x0000000008000fe0                TIM3_IRQHandler
                0x0000000008000fe0                RCC_IRQHandler
                0x0000000008000fe0                TIM1_TRG_COM_IRQHandler
                0x0000000008000fe0                DMA1_Channel1_IRQHandler
                0x0000000008000fe0                Default_Handler
                0x0000000008000fe0                EXTI15_10_IRQHandler
                0x0000000008000fe0                EXTI9_5_IRQHandler
                0x0000000008000fe0                SPI2_IRQHandler
                0x0000000008000fe0                DMA1_Channel5_IRQHandler
                0x0000000008000fe0                EXTI4_IRQHandler
                0x0000000008000fe0                USB_LP_CAN1_RX0_IRQHandler
                0x0000000008000fe0                USB_HP_CAN1_TX_IRQHandler
                0x0000000008000fe0                DMA1_Channel3_IRQHandler
                0x0000000008000fe0                TIM1_UP_IRQHandler
                0x0000000008000fe0                WWDG_IRQHandler
                0x0000000008000fe0                TIM2_IRQHandler
                0x0000000008000fe0                TIM1_BRK_IRQHandler
                0x0000000008000fe0                EXTI1_IRQHandler
                0x0000000008000fe0                USART2_IRQHandler
                0x0000000008000fe0                I2C2_ER_IRQHandler
                0x0000000008000fe0                DMA1_Channel2_IRQHandler
                0x0000000008000fe0                CAN1_SCE_IRQHandler
                0x0000000008000fe0                FLASH_IRQHandler
                0x0000000008000fe0                USART1_IRQHandler
                0x0000000008000fe0                I2C1_ER_IRQHandler
                0x0000000008000fe0                USBWakeUp_IRQHandler
 *fill*         0x0000000008000fe2        0x2 
 .text.HAL_Init
                0x0000000008000fe4       0x2c ./Drivers/STM32F1xx_HAL_Driver/Src/stm32f1xx_hal.o
                0x0000000008000fe4                HAL_Init
 .text.HAL_InitTick
                0x0000000008001010       0x60 ./Drivers/STM32F1xx_HAL_Driver/Src/stm32f1xx_hal.o
                0x0000000008001010                HAL_InitTick
 .text.HAL_IncTick
                0x0000000008001070       0x24 ./Drivers/STM32F1xx_HAL_Driver/Src/stm32f1xx_hal.o
                0x0000000008001070                HAL_IncTick
 .text.HAL_GetTick
                0x0000000008001094       0x14 ./Drivers/STM32F1xx_HAL_Driver/Src/stm32f1xx_hal.o
                0x0000000008001094                HAL_GetTick
 .text.HAL_ADC_Init
                0x00000000080010a8      0x1b0 ./Drivers/STM32F1xx_HAL_Driver/Src/stm32f1xx_hal_adc.o
                0x00000000080010a8                HAL_ADC_Init
 .text.HAL_ADC_Start
                0x0000000008001258      0x15c ./Drivers/STM32F1xx_HAL_Driver/Src/stm32f1xx_hal_adc.o
                0x0000000008001258                HAL_ADC_Start
 .text.HAL_ADC_PollForConversion
                0x00000000080013b4      0x20c ./Drivers/STM32F1xx_HAL_Driver/Src/stm32f1xx_hal_adc.o
                0x00000000080013b4                HAL_ADC_PollForConversion
 .text.HAL_ADC_GetValue
                0x00000000080015c0       0x18 ./Drivers/STM32F1xx_HAL_Driver/Src/stm32f1xx_hal_adc.o
                0x00000000080015c0                HAL_ADC_GetValue
 .text.HAL_ADC_ConfigChannel
                0x00000000080015d8      0x1f0 ./Drivers/STM32F1xx_HAL_Driver/Src/stm32f1xx_hal_adc.o
                0x00000000080015d8                HAL_ADC_ConfigChannel
 .text.ADC_Enable
                0x00000000080017c8       0xb4 ./Drivers/STM32F1xx_HAL_Driver/Src/stm32f1xx_hal_adc.o
                0x00000000080017c8                ADC_Enable
 .text.ADC_ConversionStop_Disable
                0x000000000800187c       0x82 ./Drivers/STM32F1xx_HAL_Driver/Src/stm32f1xx_hal_adc.o
                0x000000000800187c                ADC_ConversionStop_Disable
 *fill*         0x00000000080018fe        0x2 
 .text.HAL_ADCEx_Calibration_Start
                0x0000000008001900      0x158 ./Drivers/STM32F1xx_HAL_Driver/Src/stm32f1xx_hal_adc_ex.o
                0x0000000008001900                HAL_ADCEx_Calibration_Start
 .text.__NVIC_SetPriorityGrouping
                0x0000000008001a58       0x48 ./Drivers/STM32F1xx_HAL_Driver/Src/stm32f1xx_hal_cortex.o
 .text.__NVIC_GetPriorityGrouping
                0x0000000008001aa0       0x1c ./Drivers/STM32F1xx_HAL_Driver/Src/stm32f1xx_hal_cortex.o
 .text.__NVIC_SetPriority
                0x0000000008001abc       0x54 ./Drivers/STM32F1xx_HAL_Driver/Src/stm32f1xx_hal_cortex.o
 .text.NVIC_EncodePriority
                0x0000000008001b10       0x64 ./Drivers/STM32F1xx_HAL_Driver/Src/stm32f1xx_hal_cortex.o
 .text.SysTick_Config
                0x0000000008001b74       0x44 ./Drivers/STM32F1xx_HAL_Driver/Src/stm32f1xx_hal_cortex.o
 .text.HAL_NVIC_SetPriorityGrouping
                0x0000000008001bb8       0x16 ./Drivers/STM32F1xx_HAL_Driver/Src/stm32f1xx_hal_cortex.o
                0x0000000008001bb8                HAL_NVIC_SetPriorityGrouping
 .text.HAL_NVIC_SetPriority
                0x0000000008001bce       0x38 ./Drivers/STM32F1xx_HAL_Driver/Src/stm32f1xx_hal_cortex.o
                0x0000000008001bce                HAL_NVIC_SetPriority
 .text.HAL_SYSTICK_Config
                0x0000000008001c06       0x18 ./Drivers/STM32F1xx_HAL_Driver/Src/stm32f1xx_hal_cortex.o
                0x0000000008001c06                HAL_SYSTICK_Config
 *fill*         0x0000000008001c1e        0x2 
 .text.HAL_GPIO_Init
                0x0000000008001c20      0x308 ./Drivers/STM32F1xx_HAL_Driver/Src/stm32f1xx_hal_gpio.o
                0x0000000008001c20                HAL_GPIO_Init
 .text.HAL_GPIO_ReadPin
                0x0000000008001f28       0x2e ./Drivers/STM32F1xx_HAL_Driver/Src/stm32f1xx_hal_gpio.o
                0x0000000008001f28                HAL_GPIO_ReadPin
 .text.HAL_GPIO_WritePin
                0x0000000008001f56       0x30 ./Drivers/STM32F1xx_HAL_Driver/Src/stm32f1xx_hal_gpio.o
                0x0000000008001f56                HAL_GPIO_WritePin
 *fill*         0x0000000008001f86        0x2 
 .text.HAL_RCC_OscConfig
                0x0000000008001f88      0x504 ./Drivers/STM32F1xx_HAL_Driver/Src/stm32f1xx_hal_rcc.o
                0x0000000008001f88                HAL_RCC_OscConfig
 .text.HAL_RCC_ClockConfig
                0x000000000800248c      0x1d4 ./Drivers/STM32F1xx_HAL_Driver/Src/stm32f1xx_hal_rcc.o
                0x000000000800248c                HAL_RCC_ClockConfig
 .text.HAL_RCC_GetSysClockFreq
                0x0000000008002660       0xbc ./Drivers/STM32F1xx_HAL_Driver/Src/stm32f1xx_hal_rcc.o
                0x0000000008002660                HAL_RCC_GetSysClockFreq
 .text.HAL_RCC_GetHCLKFreq
                0x000000000800271c       0x14 ./Drivers/STM32F1xx_HAL_Driver/Src/stm32f1xx_hal_rcc.o
                0x000000000800271c                HAL_RCC_GetHCLKFreq
 .text.HAL_RCC_GetPCLK2Freq
                0x0000000008002730       0x28 ./Drivers/STM32F1xx_HAL_Driver/Src/stm32f1xx_hal_rcc.o
                0x0000000008002730                HAL_RCC_GetPCLK2Freq
 .text.RCC_Delay
                0x0000000008002758       0x3c ./Drivers/STM32F1xx_HAL_Driver/Src/stm32f1xx_hal_rcc.o
 .text.HAL_RCCEx_PeriphCLKConfig
                0x0000000008002794      0x16c ./Drivers/STM32F1xx_HAL_Driver/Src/stm32f1xx_hal_rcc_ex.o
                0x0000000008002794                HAL_RCCEx_PeriphCLKConfig
 .text.HAL_RCCEx_GetPeriphCLKFreq
                0x0000000008002900      0x180 ./Drivers/STM32F1xx_HAL_Driver/Src/stm32f1xx_hal_rcc_ex.o
                0x0000000008002900                HAL_RCCEx_GetPeriphCLKFreq
 .text.__libc_init_array
                0x0000000008002a80       0x48 /opt/st/stm32cubeide_1.10.1/plugins/com.st.stm32cube.ide.mcu.externaltools.gnu-tools-for-stm32.10.3-2021.10.linux64_1.0.0.202111181127/tools/bin/../lib/gcc/arm-none-eabi/10.3.1/../../../../arm-none-eabi/lib/thumb/v7-m/nofp/libc_nano.a(lib_a-init.o)
                0x0000000008002a80                __libc_init_array
 .text.memset   0x0000000008002ac8       0x10 /opt/st/stm32cubeide_1.10.1/plugins/com.st.stm32cube.ide.mcu.externaltools.gnu-tools-for-stm32.10.3-2021.10.linux64_1.0.0.202111181127/tools/bin/../lib/gcc/arm-none-eabi/10.3.1/../../../../arm-none-eabi/lib/thumb/v7-m/nofp/libc_nano.a(lib_a-memset.o)
                0x0000000008002ac8                memset
 *(.glue_7)
 .glue_7        0x0000000008002ad8        0x0 linker stubs
 *(.glue_7t)
 .glue_7t       0x0000000008002ad8        0x0 linker stubs
 *(.eh_frame)
 .eh_frame      0x0000000008002ad8        0x0 /opt/st/stm32cubeide_1.10.1/plugins/com.st.stm32cube.ide.mcu.externaltools.gnu-tools-for-stm32.10.3-2021.10.linux64_1.0.0.202111181127/tools/bin/../lib/gcc/arm-none-eabi/10.3.1/thumb/v7-m/nofp/crtbegin.o
 *(.init)
 .init          0x0000000008002ad8        0x4 /opt/st/stm32cubeide_1.10.1/plugins/com.st.stm32cube.ide.mcu.externaltools.gnu-tools-for-stm32.10.3-2021.10.linux64_1.0.0.202111181127/tools/bin/../lib/gcc/arm-none-eabi/10.3.1/thumb/v7-m/nofp/crti.o
                0x0000000008002ad8                _init
 .init          0x0000000008002adc        0x8 /opt/st/stm32cubeide_1.10.1/plugins/com.st.stm32cube.ide.mcu.externaltools.gnu-tools-for-stm32.10.3-2021.10.linux64_1.0.0.202111181127/tools/bin/../lib/gcc/arm-none-eabi/10.3.1/thumb/v7-m/nofp/crtn.o
 *(.fini)
 .fini          0x0000000008002ae4        0x4 /opt/st/stm32cubeide_1.10.1/plugins/com.st.stm32cube.ide.mcu.externaltools.gnu-tools-for-stm32.10.3-2021.10.linux64_1.0.0.202111181127/tools/bin/../lib/gcc/arm-none-eabi/10.3.1/thumb/v7-m/nofp/crti.o
                0x0000000008002ae4                _fini
 .fini          0x0000000008002ae8        0x8 /opt/st/stm32cubeide_1.10.1/plugins/com.st.stm32cube.ide.mcu.externaltools.gnu-tools-for-stm32.10.3-2021.10.linux64_1.0.0.202111181127/tools/bin/../lib/gcc/arm-none-eabi/10.3.1/thumb/v7-m/nofp/crtn.o
                0x0000000008002af0                . = ALIGN (0x4)
                0x0000000008002af0                _etext = .

.vfp11_veneer   0x0000000008002af0        0x0
 .vfp11_veneer  0x0000000008002af0        0x0 linker stubs

.v4_bx          0x0000000008002af0        0x0
 .v4_bx         0x0000000008002af0        0x0 linker stubs

.iplt           0x0000000008002af0        0x0
 .iplt          0x0000000008002af0        0x0 /opt/st/stm32cubeide_1.10.1/plugins/com.st.stm32cube.ide.mcu.externaltools.gnu-tools-for-stm32.10.3-2021.10.linux64_1.0.0.202111181127/tools/bin/../lib/gcc/arm-none-eabi/10.3.1/thumb/v7-m/nofp/crtbegin.o

.rodata         0x0000000008002af0       0x38
                0x0000000008002af0                . = ALIGN (0x4)
 *(.rodata)
 .rodata        0x0000000008002af0       0x10 ./Drivers/STM32F1xx_HAL_Driver/Src/stm32f1xx_hal_rcc.o
 .rodata        0x0000000008002b00       0x10 ./Drivers/STM32F1xx_HAL_Driver/Src/stm32f1xx_hal_rcc_ex.o
 *(.rodata*)
 .rodata.AHBPrescTable
                0x0000000008002b10       0x10 ./Core/Src/system_stm32f1xx.o
                0x0000000008002b10                AHBPrescTable
 .rodata.APBPrescTable
                0x0000000008002b20        0x8 ./Core/Src/system_stm32f1xx.o
                0x0000000008002b20                APBPrescTable
                0x0000000008002b28                . = ALIGN (0x4)

.rel.dyn        0x0000000008002b28        0x0
 .rel.iplt      0x0000000008002b28        0x0 /opt/st/stm32cubeide_1.10.1/plugins/com.st.stm32cube.ide.mcu.externaltools.gnu-tools-for-stm32.10.3-2021.10.linux64_1.0.0.202111181127/tools/bin/../lib/gcc/arm-none-eabi/10.3.1/thumb/v7-m/nofp/crtbegin.o

.ARM.extab      0x0000000008002b28        0x0
                0x0000000008002b28                . = ALIGN (0x4)
 *(.ARM.extab* .gnu.linkonce.armextab.*)
                0x0000000008002b28                . = ALIGN (0x4)

.ARM            0x0000000008002b28        0x0
                0x0000000008002b28                . = ALIGN (0x4)
                0x0000000008002b28                __exidx_start = .
 *(.ARM.exidx*)
                0x0000000008002b28                __exidx_end = .
                0x0000000008002b28                . = ALIGN (0x4)

.preinit_array  0x0000000008002b28        0x0
                0x0000000008002b28                . = ALIGN (0x4)
                0x0000000008002b28                PROVIDE (__preinit_array_start = .)
 *(.preinit_array*)
                0x0000000008002b28                PROVIDE (__preinit_array_end = .)
                0x0000000008002b28                . = ALIGN (0x4)

.init_array     0x0000000008002b28        0x4
                0x0000000008002b28                . = ALIGN (0x4)
                0x0000000008002b28                PROVIDE (__init_array_start = .)
 *(SORT_BY_NAME(.init_array.*))
 *(.init_array*)
 .init_array    0x0000000008002b28        0x4 /opt/st/stm32cubeide_1.10.1/plugins/com.st.stm32cube.ide.mcu.externaltools.gnu-tools-for-stm32.10.3-2021.10.linux64_1.0.0.202111181127/tools/bin/../lib/gcc/arm-none-eabi/10.3.1/thumb/v7-m/nofp/crtbegin.o
                0x0000000008002b2c                PROVIDE (__init_array_end = .)
                0x0000000008002b2c                . = ALIGN (0x4)

.fini_array     0x0000000008002b2c        0x4
                0x0000000008002b2c                . = ALIGN (0x4)
                [!provide]                        PROVIDE (__fini_array_start = .)
 *(SORT_BY_NAME(.fini_array.*))
 *(.fini_array*)
 .fini_array    0x0000000008002b2c        0x4 /opt/st/stm32cubeide_1.10.1/plugins/com.st.stm32cube.ide.mcu.externaltools.gnu-tools-for-stm32.10.3-2021.10.linux64_1.0.0.202111181127/tools/bin/../lib/gcc/arm-none-eabi/10.3.1/thumb/v7-m/nofp/crtbegin.o
                [!provide]                        PROVIDE (__fini_array_end = .)
                0x0000000008002b30                . = ALIGN (0x4)
                0x0000000008002b30                _sidata = LOADADDR (.data)

.data           0x0000000020000000        0xc load address 0x0000000008002b30
                0x0000000020000000                . = ALIGN (0x4)
                0x0000000020000000                _sdata = .
 *(.data)
 *(.data*)
 .data.SystemCoreClock
                0x0000000020000000        0x4 ./Core/Src/system_stm32f1xx.o
                0x0000000020000000                SystemCoreClock
 .data.uwTickPrio
                0x0000000020000004        0x4 ./Drivers/STM32F1xx_HAL_Driver/Src/stm32f1xx_hal.o
                0x0000000020000004                uwTickPrio
 .data.uwTickFreq
                0x0000000020000008        0x1 ./Drivers/STM32F1xx_HAL_Driver/Src/stm32f1xx_hal.o
                0x0000000020000008                uwTickFreq
 *(.RamFunc)
 *(.RamFunc*)
                0x000000002000000c                . = ALIGN (0x4)
 *fill*         0x0000000020000009        0x3 
                0x000000002000000c                _edata = .

.igot.plt       0x000000002000000c        0x0 load address 0x0000000008002b3c
 .igot.plt      0x000000002000000c        0x0 /opt/st/stm32cubeide_1.10.1/plugins/com.st.stm32cube.ide.mcu.externaltools.gnu-tools-for-stm32.10.3-2021.10.linux64_1.0.0.202111181127/tools/bin/../lib/gcc/arm-none-eabi/10.3.1/thumb/v7-m/nofp/crtbegin.o
                0x000000002000000c                . = ALIGN (0x4)

.bss            0x000000002000000c       0x6c load address 0x0000000008002b3c
                0x000000002000000c                _sbss = .
                0x000000002000000c                __bss_start__ = _sbss
 *(.bss)
 .bss           0x000000002000000c       0x1c /opt/st/stm32cubeide_1.10.1/plugins/com.st.stm32cube.ide.mcu.externaltools.gnu-tools-for-stm32.10.3-2021.10.linux64_1.0.0.202111181127/tools/bin/../lib/gcc/arm-none-eabi/10.3.1/thumb/v7-m/nofp/crtbegin.o
 *(.bss*)
 .bss.hadc1     0x0000000020000028       0x30 ./Core/Src/main.o
                0x0000000020000028                hadc1
 .bss.sds_status
                0x0000000020000058        0x4 ./Core/Src/main.o
                0x0000000020000058                sds_status
 .bss.f7_status
                0x000000002000005c        0x4 ./Core/Src/main.o
                0x000000002000005c                f7_status
 .bss.voltage_value
                0x0000000020000060        0x4 ./Core/Src/main.o
                0x0000000020000060                voltage_value
 .bss.adc_value
                0x0000000020000064        0x4 ./Core/Src/main.o
                0x0000000020000064                adc_value
 .bss.adc_voltage
                0x0000000020000068        0x4 ./Core/Src/main.o
                0x0000000020000068                adc_voltage
 .bss.reset_status
                0x000000002000006c        0x4 ./Core/Src/main.o
                0x000000002000006c                reset_status
 .bss.flag      0x0000000020000070        0x4 ./Core/Src/main.o
                0x0000000020000070                flag
 .bss.uwTick    0x0000000020000074        0x4 ./Drivers/STM32F1xx_HAL_Driver/Src/stm32f1xx_hal.o
                0x0000000020000074                uwTick
 *(COMMON)
                0x0000000020000078                . = ALIGN (0x4)
                0x0000000020000078                _ebss = .
                0x0000000020000078                __bss_end__ = _ebss

._user_heap_stack
                0x0000000020000078      0x600 load address 0x0000000008002b3c
                0x0000000020000078                . = ALIGN (0x8)
                [!provide]                        PROVIDE (end = .)
                0x0000000020000078                PROVIDE (_end = .)
                0x0000000020000278                . = (. + _Min_Heap_Size)
 *fill*         0x0000000020000078      0x200 
                0x0000000020000678                . = (. + _Min_Stack_Size)
 *fill*         0x0000000020000278      0x400 
                0x0000000020000678                . = ALIGN (0x8)

/DISCARD/
 libc.a(*)
 libm.a(*)
 libgcc.a(*)

.ARM.attributes
                0x0000000000000000       0x29
 *(.ARM.attributes)
 .ARM.attributes
                0x0000000000000000       0x1d /opt/st/stm32cubeide_1.10.1/plugins/com.st.stm32cube.ide.mcu.externaltools.gnu-tools-for-stm32.10.3-2021.10.linux64_1.0.0.202111181127/tools/bin/../lib/gcc/arm-none-eabi/10.3.1/thumb/v7-m/nofp/crti.o
 .ARM.attributes
                0x000000000000001d       0x2d /opt/st/stm32cubeide_1.10.1/plugins/com.st.stm32cube.ide.mcu.externaltools.gnu-tools-for-stm32.10.3-2021.10.linux64_1.0.0.202111181127/tools/bin/../lib/gcc/arm-none-eabi/10.3.1/thumb/v7-m/nofp/crtbegin.o
 .ARM.attributes
                0x000000000000004a       0x2d ./Core/Src/main.o
 .ARM.attributes
                0x0000000000000077       0x2d ./Core/Src/stm32f1xx_hal_msp.o
 .ARM.attributes
                0x00000000000000a4       0x2d ./Core/Src/stm32f1xx_it.o
 .ARM.attributes
                0x00000000000000d1       0x2d ./Core/Src/system_stm32f1xx.o
 .ARM.attributes
                0x00000000000000fe       0x21 ./Core/Startup/startup_stm32f103c8tx.o
 .ARM.attributes
                0x000000000000011f       0x2d ./Drivers/STM32F1xx_HAL_Driver/Src/stm32f1xx_hal.o
 .ARM.attributes
                0x000000000000014c       0x2d ./Drivers/STM32F1xx_HAL_Driver/Src/stm32f1xx_hal_adc.o
 .ARM.attributes
                0x0000000000000179       0x2d ./Drivers/STM32F1xx_HAL_Driver/Src/stm32f1xx_hal_adc_ex.o
 .ARM.attributes
                0x00000000000001a6       0x2d ./Drivers/STM32F1xx_HAL_Driver/Src/stm32f1xx_hal_cortex.o
 .ARM.attributes
                0x00000000000001d3       0x2d ./Drivers/STM32F1xx_HAL_Driver/Src/stm32f1xx_hal_gpio.o
 .ARM.attributes
                0x0000000000000200       0x2d ./Drivers/STM32F1xx_HAL_Driver/Src/stm32f1xx_hal_rcc.o
 .ARM.attributes
                0x000000000000022d       0x2d ./Drivers/STM32F1xx_HAL_Driver/Src/stm32f1xx_hal_rcc_ex.o
 .ARM.attributes
                0x000000000000025a       0x2d /opt/st/stm32cubeide_1.10.1/plugins/com.st.stm32cube.ide.mcu.externaltools.gnu-tools-for-stm32.10.3-2021.10.linux64_1.0.0.202111181127/tools/bin/../lib/gcc/arm-none-eabi/10.3.1/../../../../arm-none-eabi/lib/thumb/v7-m/nofp/libc_nano.a(lib_a-init.o)
 .ARM.attributes
                0x0000000000000287       0x2d /opt/st/stm32cubeide_1.10.1/plugins/com.st.stm32cube.ide.mcu.externaltools.gnu-tools-for-stm32.10.3-2021.10.linux64_1.0.0.202111181127/tools/bin/../lib/gcc/arm-none-eabi/10.3.1/../../../../arm-none-eabi/lib/thumb/v7-m/nofp/libc_nano.a(lib_a-memset.o)
 .ARM.attributes
                0x00000000000002b4       0x1d /opt/st/stm32cubeide_1.10.1/plugins/com.st.stm32cube.ide.mcu.externaltools.gnu-tools-for-stm32.10.3-2021.10.linux64_1.0.0.202111181127/tools/bin/../lib/gcc/arm-none-eabi/10.3.1/thumb/v7-m/nofp/libgcc.a(_arm_muldf3.o)
 .ARM.attributes
                0x00000000000002d1       0x1d /opt/st/stm32cubeide_1.10.1/plugins/com.st.stm32cube.ide.mcu.externaltools.gnu-tools-for-stm32.10.3-2021.10.linux64_1.0.0.202111181127/tools/bin/../lib/gcc/arm-none-eabi/10.3.1/thumb/v7-m/nofp/libgcc.a(_arm_mulsf3.o)
 .ARM.attributes
                0x00000000000002ee       0x1d /opt/st/stm32cubeide_1.10.1/plugins/com.st.stm32cube.ide.mcu.externaltools.gnu-tools-for-stm32.10.3-2021.10.linux64_1.0.0.202111181127/tools/bin/../lib/gcc/arm-none-eabi/10.3.1/thumb/v7-m/nofp/libgcc.a(_arm_addsubdf3.o)
 .ARM.attributes
                0x000000000000030b       0x1d /opt/st/stm32cubeide_1.10.1/plugins/com.st.stm32cube.ide.mcu.externaltools.gnu-tools-for-stm32.10.3-2021.10.linux64_1.0.0.202111181127/tools/bin/../lib/gcc/arm-none-eabi/10.3.1/thumb/v7-m/nofp/libgcc.a(_arm_truncdfsf2.o)
 .ARM.attributes
                0x0000000000000328       0x1d /opt/st/stm32cubeide_1.10.1/plugins/com.st.stm32cube.ide.mcu.externaltools.gnu-tools-for-stm32.10.3-2021.10.linux64_1.0.0.202111181127/tools/bin/../lib/gcc/arm-none-eabi/10.3.1/thumb/v7-m/nofp/libgcc.a(_arm_cmpsf2.o)
 .ARM.attributes
                0x0000000000000345       0x1d /opt/st/stm32cubeide_1.10.1/plugins/com.st.stm32cube.ide.mcu.externaltools.gnu-tools-for-stm32.10.3-2021.10.linux64_1.0.0.202111181127/tools/bin/../lib/gcc/arm-none-eabi/10.3.1/thumb/v7-m/nofp/crtn.o
OUTPUT(sds.elf elf32-littlearm)
LOAD linker stubs
LOAD /opt/st/stm32cubeide_1.10.1/plugins/com.st.stm32cube.ide.mcu.externaltools.gnu-tools-for-stm32.10.3-2021.10.linux64_1.0.0.202111181127/tools/bin/../lib/gcc/arm-none-eabi/10.3.1/../../../../arm-none-eabi/lib/thumb/v7-m/nofp/libc.a
LOAD /opt/st/stm32cubeide_1.10.1/plugins/com.st.stm32cube.ide.mcu.externaltools.gnu-tools-for-stm32.10.3-2021.10.linux64_1.0.0.202111181127/tools/bin/../lib/gcc/arm-none-eabi/10.3.1/../../../../arm-none-eabi/lib/thumb/v7-m/nofp/libm.a
LOAD /opt/st/stm32cubeide_1.10.1/plugins/com.st.stm32cube.ide.mcu.externaltools.gnu-tools-for-stm32.10.3-2021.10.linux64_1.0.0.202111181127/tools/bin/../lib/gcc/arm-none-eabi/10.3.1/thumb/v7-m/nofp/libgcc.a

.debug_info     0x0000000000000000     0x5294
 .debug_info    0x0000000000000000      0xb87 ./Core/Src/main.o
 .debug_info    0x0000000000000b87      0x77b ./Core/Src/stm32f1xx_hal_msp.o
 .debug_info    0x0000000000001302      0x122 ./Core/Src/stm32f1xx_it.o
 .debug_info    0x0000000000001424      0x23d ./Core/Src/system_stm32f1xx.o
 .debug_info    0x0000000000001661       0x22 ./Core/Startup/startup_stm32f103c8tx.o
 .debug_info    0x0000000000001683      0x734 ./Drivers/STM32F1xx_HAL_Driver/Src/stm32f1xx_hal.o
 .debug_info    0x0000000000001db7      0xcd9 ./Drivers/STM32F1xx_HAL_Driver/Src/stm32f1xx_hal_adc.o
 .debug_info    0x0000000000002a90      0xa8f ./Drivers/STM32F1xx_HAL_Driver/Src/stm32f1xx_hal_adc_ex.o
 .debug_info    0x000000000000351f      0xb20 ./Drivers/STM32F1xx_HAL_Driver/Src/stm32f1xx_hal_cortex.o
 .debug_info    0x000000000000403f      0x615 ./Drivers/STM32F1xx_HAL_Driver/Src/stm32f1xx_hal_gpio.o
 .debug_info    0x0000000000004654      0x860 ./Drivers/STM32F1xx_HAL_Driver/Src/stm32f1xx_hal_rcc.o
 .debug_info    0x0000000000004eb4      0x3e0 ./Drivers/STM32F1xx_HAL_Driver/Src/stm32f1xx_hal_rcc_ex.o

.debug_abbrev   0x0000000000000000     0x1486
 .debug_abbrev  0x0000000000000000      0x232 ./Core/Src/main.o
 .debug_abbrev  0x0000000000000232      0x182 ./Core/Src/stm32f1xx_hal_msp.o
 .debug_abbrev  0x00000000000003b4       0x74 ./Core/Src/stm32f1xx_it.o
 .debug_abbrev  0x0000000000000428      0x13b ./Core/Src/system_stm32f1xx.o
 .debug_abbrev  0x0000000000000563       0x12 ./Core/Startup/startup_stm32f103c8tx.o
 .debug_abbrev  0x0000000000000575      0x1fb ./Drivers/STM32F1xx_HAL_Driver/Src/stm32f1xx_hal.o
 .debug_abbrev  0x0000000000000770      0x210 ./Drivers/STM32F1xx_HAL_Driver/Src/stm32f1xx_hal_adc.o
 .debug_abbrev  0x0000000000000980      0x234 ./Drivers/STM32F1xx_HAL_Driver/Src/stm32f1xx_hal_adc_ex.o
 .debug_abbrev  0x0000000000000bb4      0x2ed ./Drivers/STM32F1xx_HAL_Driver/Src/stm32f1xx_hal_cortex.o
 .debug_abbrev  0x0000000000000ea1      0x1bb ./Drivers/STM32F1xx_HAL_Driver/Src/stm32f1xx_hal_gpio.o
 .debug_abbrev  0x000000000000105c      0x2a8 ./Drivers/STM32F1xx_HAL_Driver/Src/stm32f1xx_hal_rcc.o
 .debug_abbrev  0x0000000000001304      0x182 ./Drivers/STM32F1xx_HAL_Driver/Src/stm32f1xx_hal_rcc_ex.o

.debug_aranges  0x0000000000000000      0x588
 .debug_aranges
                0x0000000000000000       0x40 ./Core/Src/main.o
 .debug_aranges
                0x0000000000000040       0x30 ./Core/Src/stm32f1xx_hal_msp.o
 .debug_aranges
                0x0000000000000070       0x60 ./Core/Src/stm32f1xx_it.o
 .debug_aranges
                0x00000000000000d0       0x28 ./Core/Src/system_stm32f1xx.o
 .debug_aranges
                0x00000000000000f8       0x28 ./Core/Startup/startup_stm32f103c8tx.o
 .debug_aranges
                0x0000000000000120       0xe0 ./Drivers/STM32F1xx_HAL_Driver/Src/stm32f1xx_hal.o
 .debug_aranges
                0x0000000000000200       0xf0 ./Drivers/STM32F1xx_HAL_Driver/Src/stm32f1xx_hal_adc.o
 .debug_aranges
                0x00000000000002f0       0x80 ./Drivers/STM32F1xx_HAL_Driver/Src/stm32f1xx_hal_adc_ex.o
 .debug_aranges
                0x0000000000000370      0x100 ./Drivers/STM32F1xx_HAL_Driver/Src/stm32f1xx_hal_cortex.o
 .debug_aranges
                0x0000000000000470       0x58 ./Drivers/STM32F1xx_HAL_Driver/Src/stm32f1xx_hal_gpio.o
 .debug_aranges
                0x00000000000004c8       0x90 ./Drivers/STM32F1xx_HAL_Driver/Src/stm32f1xx_hal_rcc.o
 .debug_aranges
                0x0000000000000558       0x30 ./Drivers/STM32F1xx_HAL_Driver/Src/stm32f1xx_hal_rcc_ex.o

.debug_ranges   0x0000000000000000      0x4d0
 .debug_ranges  0x0000000000000000       0x30 ./Core/Src/main.o
 .debug_ranges  0x0000000000000030       0x20 ./Core/Src/stm32f1xx_hal_msp.o
 .debug_ranges  0x0000000000000050       0x50 ./Core/Src/stm32f1xx_it.o
 .debug_ranges  0x00000000000000a0       0x18 ./Core/Src/system_stm32f1xx.o
 .debug_ranges  0x00000000000000b8       0x20 ./Core/Startup/startup_stm32f103c8tx.o
 .debug_ranges  0x00000000000000d8       0xd0 ./Drivers/STM32F1xx_HAL_Driver/Src/stm32f1xx_hal.o
 .debug_ranges  0x00000000000001a8       0xe0 ./Drivers/STM32F1xx_HAL_Driver/Src/stm32f1xx_hal_adc.o
 .debug_ranges  0x0000000000000288       0x70 ./Drivers/STM32F1xx_HAL_Driver/Src/stm32f1xx_hal_adc_ex.o
 .debug_ranges  0x00000000000002f8       0xf0 ./Drivers/STM32F1xx_HAL_Driver/Src/stm32f1xx_hal_cortex.o
 .debug_ranges  0x00000000000003e8       0x48 ./Drivers/STM32F1xx_HAL_Driver/Src/stm32f1xx_hal_gpio.o
 .debug_ranges  0x0000000000000430       0x80 ./Drivers/STM32F1xx_HAL_Driver/Src/stm32f1xx_hal_rcc.o
 .debug_ranges  0x00000000000004b0       0x20 ./Drivers/STM32F1xx_HAL_Driver/Src/stm32f1xx_hal_rcc_ex.o

.debug_macro    0x0000000000000000    0x164ca
 .debug_macro   0x0000000000000000      0x1a7 ./Core/Src/main.o
 .debug_macro   0x00000000000001a7      0xa6c ./Core/Src/main.o
 .debug_macro   0x0000000000000c13      0x215 ./Core/Src/main.o
 .debug_macro   0x0000000000000e28       0x2e ./Core/Src/main.o
 .debug_macro   0x0000000000000e56       0x22 ./Core/Src/main.o
 .debug_macro   0x0000000000000e78       0x22 ./Core/Src/main.o
 .debug_macro   0x0000000000000e9a       0x8e ./Core/Src/main.o
 .debug_macro   0x0000000000000f28       0x51 ./Core/Src/main.o
 .debug_macro   0x0000000000000f79      0x103 ./Core/Src/main.o
 .debug_macro   0x000000000000107c       0x6a ./Core/Src/main.o
 .debug_macro   0x00000000000010e6      0x1df ./Core/Src/main.o
 .debug_macro   0x00000000000012c5       0x1c ./Core/Src/main.o
 .debug_macro   0x00000000000012e1       0x22 ./Core/Src/main.o
 .debug_macro   0x0000000000001303       0xbd ./Core/Src/main.o
 .debug_macro   0x00000000000013c0      0xd23 ./Core/Src/main.o
 .debug_macro   0x00000000000020e3     0xe09e ./Core/Src/main.o
 .debug_macro   0x0000000000010181       0x6d ./Core/Src/main.o
 .debug_macro   0x00000000000101ee     0x3468 ./Core/Src/main.o
 .debug_macro   0x0000000000013656      0x174 ./Core/Src/main.o
 .debug_macro   0x00000000000137ca       0x5c ./Core/Src/main.o
 .debug_macro   0x0000000000013826      0x5be ./Core/Src/main.o
 .debug_macro   0x0000000000013de4      0x289 ./Core/Src/main.o
 .debug_macro   0x000000000001406d      0x1cb ./Core/Src/main.o
 .debug_macro   0x0000000000014238      0x114 ./Core/Src/main.o
 .debug_macro   0x000000000001434c      0x1b2 ./Core/Src/main.o
 .debug_macro   0x00000000000144fe       0x27 ./Core/Src/main.o
 .debug_macro   0x0000000000014525      0x136 ./Core/Src/main.o
 .debug_macro   0x000000000001465b      0x1bc ./Core/Src/main.o
 .debug_macro   0x0000000000014817       0x34 ./Core/Src/main.o
 .debug_macro   0x000000000001484b       0x3c ./Core/Src/main.o
 .debug_macro   0x0000000000014887       0x57 ./Core/Src/main.o
 .debug_macro   0x00000000000148de      0x46a ./Core/Src/main.o
 .debug_macro   0x0000000000014d48      0x1b5 ./Core/Src/main.o
 .debug_macro   0x0000000000014efd       0x88 ./Core/Src/main.o
 .debug_macro   0x0000000000014f85      0x241 ./Core/Src/main.o
 .debug_macro   0x00000000000151c6      0x141 ./Core/Src/main.o
 .debug_macro   0x0000000000015307       0x83 ./Core/Src/main.o
 .debug_macro   0x000000000001538a       0x58 ./Core/Src/main.o
 .debug_macro   0x00000000000153e2      0x1a7 ./Core/Src/stm32f1xx_hal_msp.o
 .debug_macro   0x0000000000015589      0x1b1 ./Core/Src/stm32f1xx_it.o
 .debug_macro   0x000000000001573a      0x198 ./Core/Src/system_stm32f1xx.o
 .debug_macro   0x00000000000158d2      0x1bc ./Drivers/STM32F1xx_HAL_Driver/Src/stm32f1xx_hal.o
 .debug_macro   0x0000000000015a8e      0x1b5 ./Drivers/STM32F1xx_HAL_Driver/Src/stm32f1xx_hal_adc.o
 .debug_macro   0x0000000000015c43      0x1aa ./Drivers/STM32F1xx_HAL_Driver/Src/stm32f1xx_hal_adc_ex.o
 .debug_macro   0x0000000000015ded      0x198 ./Drivers/STM32F1xx_HAL_Driver/Src/stm32f1xx_hal_cortex.o
 .debug_macro   0x0000000000015f85      0x203 ./Drivers/STM32F1xx_HAL_Driver/Src/stm32f1xx_hal_gpio.o
 .debug_macro   0x0000000000016188      0x1aa ./Drivers/STM32F1xx_HAL_Driver/Src/stm32f1xx_hal_rcc.o
 .debug_macro   0x0000000000016332      0x198 ./Drivers/STM32F1xx_HAL_Driver/Src/stm32f1xx_hal_rcc_ex.o

.debug_line     0x0000000000000000     0x6ab1
 .debug_line    0x0000000000000000      0x7c7 ./Core/Src/main.o
 .debug_line    0x00000000000007c7      0x67b ./Core/Src/stm32f1xx_hal_msp.o
 .debug_line    0x0000000000000e42      0x6f8 ./Core/Src/stm32f1xx_it.o
 .debug_line    0x000000000000153a      0x6b4 ./Core/Src/system_stm32f1xx.o
 .debug_line    0x0000000000001bee       0x87 ./Core/Startup/startup_stm32f103c8tx.o
 .debug_line    0x0000000000001c75      0x8e1 ./Drivers/STM32F1xx_HAL_Driver/Src/stm32f1xx_hal.o
 .debug_line    0x0000000000002556      0xf58 ./Drivers/STM32F1xx_HAL_Driver/Src/stm32f1xx_hal_adc.o
 .debug_line    0x00000000000034ae      0xca6 ./Drivers/STM32F1xx_HAL_Driver/Src/stm32f1xx_hal_adc_ex.o
 .debug_line    0x0000000000004154      0xac9 ./Drivers/STM32F1xx_HAL_Driver/Src/stm32f1xx_hal_cortex.o
 .debug_line    0x0000000000004c1d      0x978 ./Drivers/STM32F1xx_HAL_Driver/Src/stm32f1xx_hal_gpio.o
 .debug_line    0x0000000000005595      0xcef ./Drivers/STM32F1xx_HAL_Driver/Src/stm32f1xx_hal_rcc.o
 .debug_line    0x0000000000006284      0x82d ./Drivers/STM32F1xx_HAL_Driver/Src/stm32f1xx_hal_rcc_ex.o

.debug_str      0x0000000000000000    0x80f24
 .debug_str     0x0000000000000000    0x7f896 ./Core/Src/main.o
                                      0x7fc64 (size before relaxing)
 .debug_str     0x000000000007f896       0x63 ./Core/Src/stm32f1xx_hal_msp.o
                                      0x7f90e (size before relaxing)
 .debug_str     0x000000000007f8f9       0xc9 ./Core/Src/stm32f1xx_it.o
                                      0x7f5b1 (size before relaxing)
 .debug_str     0x000000000007f9c2       0x88 ./Core/Src/system_stm32f1xx.o
                                      0x7f4a2 (size before relaxing)
 .debug_str     0x000000000007fa4a       0x36 ./Core/Startup/startup_stm32f103c8tx.o
                                         0x56 (size before relaxing)
 .debug_str     0x000000000007fa80      0x611 ./Drivers/STM32F1xx_HAL_Driver/Src/stm32f1xx_hal.o
                                      0x7fbd5 (size before relaxing)
 .debug_str     0x0000000000080091      0x36c ./Drivers/STM32F1xx_HAL_Driver/Src/stm32f1xx_hal_adc.o
                                      0x7fb7f (size before relaxing)
 .debug_str     0x00000000000803fd      0x2bc ./Drivers/STM32F1xx_HAL_Driver/Src/stm32f1xx_hal_adc_ex.o
                                      0x7fb56 (size before relaxing)
 .debug_str     0x00000000000806b9      0x2c5 ./Drivers/STM32F1xx_HAL_Driver/Src/stm32f1xx_hal_cortex.o
                                      0x7fb21 (size before relaxing)
 .debug_str     0x000000000008097e      0x2f9 ./Drivers/STM32F1xx_HAL_Driver/Src/stm32f1xx_hal_gpio.o
                                      0x7f828 (size before relaxing)
 .debug_str     0x0000000000080c77      0x229 ./Drivers/STM32F1xx_HAL_Driver/Src/stm32f1xx_hal_rcc.o
                                      0x7f8d1 (size before relaxing)
 .debug_str     0x0000000000080ea0       0x84 ./Drivers/STM32F1xx_HAL_Driver/Src/stm32f1xx_hal_rcc_ex.o
                                      0x7f621 (size before relaxing)

.comment        0x0000000000000000       0x50
 .comment       0x0000000000000000       0x50 ./Core/Src/main.o
                                         0x51 (size before relaxing)
 .comment       0x0000000000000050       0x51 ./Core/Src/stm32f1xx_hal_msp.o
 .comment       0x0000000000000050       0x51 ./Core/Src/stm32f1xx_it.o
 .comment       0x0000000000000050       0x51 ./Core/Src/system_stm32f1xx.o
 .comment       0x0000000000000050       0x51 ./Drivers/STM32F1xx_HAL_Driver/Src/stm32f1xx_hal.o
 .comment       0x0000000000000050       0x51 ./Drivers/STM32F1xx_HAL_Driver/Src/stm32f1xx_hal_adc.o
 .comment       0x0000000000000050       0x51 ./Drivers/STM32F1xx_HAL_Driver/Src/stm32f1xx_hal_adc_ex.o
 .comment       0x0000000000000050       0x51 ./Drivers/STM32F1xx_HAL_Driver/Src/stm32f1xx_hal_cortex.o
 .comment       0x0000000000000050       0x51 ./Drivers/STM32F1xx_HAL_Driver/Src/stm32f1xx_hal_gpio.o
 .comment       0x0000000000000050       0x51 ./Drivers/STM32F1xx_HAL_Driver/Src/stm32f1xx_hal_rcc.o
 .comment       0x0000000000000050       0x51 ./Drivers/STM32F1xx_HAL_Driver/Src/stm32f1xx_hal_rcc_ex.o

.debug_frame    0x0000000000000000     0x161c
 .debug_frame   0x0000000000000000       0xb4 ./Core/Src/main.o
 .debug_frame   0x00000000000000b4       0x80 ./Core/Src/stm32f1xx_hal_msp.o
 .debug_frame   0x0000000000000134      0x104 ./Core/Src/stm32f1xx_it.o
 .debug_frame   0x0000000000000238       0x58 ./Core/Src/system_stm32f1xx.o
 .debug_frame   0x0000000000000290      0x334 ./Drivers/STM32F1xx_HAL_Driver/Src/stm32f1xx_hal.o
 .debug_frame   0x00000000000005c4      0x40c ./Drivers/STM32F1xx_HAL_Driver/Src/stm32f1xx_hal_adc.o
 .debug_frame   0x00000000000009d0      0x200 ./Drivers/STM32F1xx_HAL_Driver/Src/stm32f1xx_hal_adc_ex.o
 .debug_frame   0x0000000000000bd0      0x428 ./Drivers/STM32F1xx_HAL_Driver/Src/stm32f1xx_hal_cortex.o
 .debug_frame   0x0000000000000ff8      0x14c ./Drivers/STM32F1xx_HAL_Driver/Src/stm32f1xx_hal_gpio.o
 .debug_frame   0x0000000000001144      0x21c ./Drivers/STM32F1xx_HAL_Driver/Src/stm32f1xx_hal_rcc.o
 .debug_frame   0x0000000000001360       0x84 ./Drivers/STM32F1xx_HAL_Driver/Src/stm32f1xx_hal_rcc_ex.o
 .debug_frame   0x00000000000013e4       0x2c /opt/st/stm32cubeide_1.10.1/plugins/com.st.stm32cube.ide.mcu.externaltools.gnu-tools-for-stm32.10.3-2021.10.linux64_1.0.0.202111181127/tools/bin/../lib/gcc/arm-none-eabi/10.3.1/../../../../arm-none-eabi/lib/thumb/v7-m/nofp/libc_nano.a(lib_a-init.o)
 .debug_frame   0x0000000000001410       0x20 /opt/st/stm32cubeide_1.10.1/plugins/com.st.stm32cube.ide.mcu.externaltools.gnu-tools-for-stm32.10.3-2021.10.linux64_1.0.0.202111181127/tools/bin/../lib/gcc/arm-none-eabi/10.3.1/../../../../arm-none-eabi/lib/thumb/v7-m/nofp/libc_nano.a(lib_a-memset.o)
 .debug_frame   0x0000000000001430       0x30 /opt/st/stm32cubeide_1.10.1/plugins/com.st.stm32cube.ide.mcu.externaltools.gnu-tools-for-stm32.10.3-2021.10.linux64_1.0.0.202111181127/tools/bin/../lib/gcc/arm-none-eabi/10.3.1/thumb/v7-m/nofp/libgcc.a(_arm_muldf3.o)
 .debug_frame   0x0000000000001460       0x24 /opt/st/stm32cubeide_1.10.1/plugins/com.st.stm32cube.ide.mcu.externaltools.gnu-tools-for-stm32.10.3-2021.10.linux64_1.0.0.202111181127/tools/bin/../lib/gcc/arm-none-eabi/10.3.1/thumb/v7-m/nofp/libgcc.a(_arm_mulsf3.o)
 .debug_frame   0x0000000000001484       0xac /opt/st/stm32cubeide_1.10.1/plugins/com.st.stm32cube.ide.mcu.externaltools.gnu-tools-for-stm32.10.3-2021.10.linux64_1.0.0.202111181127/tools/bin/../lib/gcc/arm-none-eabi/10.3.1/thumb/v7-m/nofp/libgcc.a(_arm_addsubdf3.o)
 .debug_frame   0x0000000000001530       0x24 /opt/st/stm32cubeide_1.10.1/plugins/com.st.stm32cube.ide.mcu.externaltools.gnu-tools-for-stm32.10.3-2021.10.linux64_1.0.0.202111181127/tools/bin/../lib/gcc/arm-none-eabi/10.3.1/thumb/v7-m/nofp/libgcc.a(_arm_truncdfsf2.o)
 .debug_frame   0x0000000000001554       0xc8 /opt/st/stm32cubeide_1.10.1/plugins/com.st.stm32cube.ide.mcu.externaltools.gnu-tools-for-stm32.10.3-2021.10.linux64_1.0.0.202111181127/tools/bin/../lib/gcc/arm-none-eabi/10.3.1/thumb/v7-m/nofp/libgcc.a(_arm_cmpsf2.o)
